// Jest Snapshot v1, https://goo.gl/fbAQLP

exports[`SearchButton renders correctly 1`] = `
<button
  className="searchButton"
  onClick={
    [MockFunction] {
      "calls": Array [
        Array [],
      ],
      "results": Array [
        Object {
          "isThrow": false,
          "value": undefined,
        },
      ],
    }
  }
>
  <ForwardRef
    className="searchIcon"
  />
</button>
`;
