// Jest Snapshot v1, https://goo.gl/fbAQLP

exports[`Home renders as expected 1`] = `
<div
  className="homeWrapper"
>
  <Connect(Slider)>
    <div
      className="searchUtilsWrapper"
    >
      <SearchModule>
        <SearchKeyword />
        <Location
          handleSetCity={[Function]}
        />
        <SearchButton />
      </SearchModule>
      <TopCategories>
        <CategoryButton />
        <CategoryButton />
        <CategoryButton />
      </TopCategories>
    </div>
  </Connect(Slider)>
</div>
`;
