// Jest Snapshot v1, https://goo.gl/fbAQLP

exports[`Home renders as expected 1`] = `
<div
  className="homeWrapper"
>
  <Connect(Slider)>
    <div
      className="searchUtilsWrapper"
    >
      <Connect(SearchModule) />
      <TopCategories>
        <CategoryButton
          title="Restaurants"
        />
        <CategoryButton
          title="Nightlife"
        />
        <CategoryButton
          title="Food Delivery Service"
        />
      </TopCategories>
    </div>
  </Connect(Slider)>
</div>
`;
